[debug] [2026-05-16T10:22:00.399Z] ----------------------------------------------------------------------
[debug] [2026-05-16T10:22:00.401Z] Command:       C:\Program Files\nodejs\node.exe C:\Users\User\AppData\Roaming\npm\node_modules\firebase-tools\lib\bin\firebase.js init hosting:github
[debug] [2026-05-16T10:22:00.401Z] CLI Version:   15.7.0
[debug] [2026-05-16T10:22:00.401Z] Platform:      win32
[debug] [2026-05-16T10:22:00.401Z] Node Version:  v24.12.0
[debug] [2026-05-16T10:22:00.401Z] Time:          Sat May 16 2026 15:52:00 GMT+0530 (India Standard Time)
[debug] [2026-05-16T10:22:00.401Z] ----------------------------------------------------------------------
[debug] 
[info] 
     ######## #### ########  ######## ########     ###     ######  ########
     ##        ##  ##     ## ##       ##     ##  ##   ##  ##       ##
     ######    ##  ########  ######   ########  #########  ######  ######
     ##        ##  ##    ##  ##       ##     ## ##     ##       ## ##
     ##       #### ##     ## ######## ########  ##     ##  ######  ########

You're about to initialize a Firebase project in this directory:

  E:\Trip Split

Before we get started, keep in mind:

  * You are initializing within an existing Firebase project directory

[info] 
=== Project Setup
[info] 
[info] First, let's associate this project directory with a Firebase project.
[info] You can create multiple project aliases by running firebase use --add, 
[info] 
[debug] [2026-05-16T10:22:08.404Z] > command requires scopes: ["email","openid","https://www.googleapis.com/auth/cloudplatformprojects.readonly","https://www.googleapis.com/auth/firebase","https://www.googleapis.com/auth/cloud-platform"]
[debug] [2026-05-16T10:22:08.404Z] > authorizing via signed-in user (madicharlapraveen@gmail.com)
[debug] [2026-05-16T10:22:08.405Z] Checked if tokens are valid: true, expires at: 1778930385467
[debug] [2026-05-16T10:22:08.405Z] Checked if tokens are valid: true, expires at: 1778930385467
[debug] [2026-05-16T10:22:08.406Z] >>> [apiv2][query] GET https://firebase.googleapis.com/v1beta1/projects/trip-split-e56d3 [none]
[debug] [2026-05-16T10:22:08.952Z] <<< [apiv2][status] GET https://firebase.googleapis.com/v1beta1/projects/trip-split-e56d3 200
[debug] [2026-05-16T10:22:08.952Z] <<< [apiv2][body] GET https://firebase.googleapis.com/v1beta1/projects/trip-split-e56d3 {"projectId":"trip-split-e56d3","projectNumber":"383562992071","displayName":"Trip Split","name":"projects/trip-split-e56d3","resources":{"hostingSite":"trip-split-e56d3"},"state":"ACTIVE","etag":"1_dcab26a4-efb9-4698-a2a1-b9dede107226"}
[info] i  Using project trip-split-e56d3 (Trip Split) . 
[info] 
=== Hosting:github Setup
[info] 
[info] i  Detected a .git folder at E:\Trip Split 
[info] i  Authorizing with GitHub to upload your service account to a GitHub repository's secrets store. 
[info] 
[info] Visit this URL on this device to log in:
[info] https://github.com/login/oauth/authorize?client_id=89cf50f02ac6aaed3484&state=794443778&redirect_uri=http%3A%2F%2Flocalhost%3A9005&scope=read%3Auser%20repo%20public_repo
[info] 
[info] Waiting for authentication...
[debug] [2026-05-16T10:22:21.243Z] >>> [apiv2][query] POST https://github.com/login/oauth/access_token [none]
[debug] [2026-05-16T10:22:21.244Z] >>> [apiv2][body] POST https://github.com/login/oauth/access_token [stream]
[debug] [2026-05-16T10:22:21.773Z] <<< [apiv2][status] POST https://github.com/login/oauth/access_token 200
[debug] [2026-05-16T10:22:21.774Z] <<< [apiv2][body] POST https://github.com/login/oauth/access_token {"access_token":"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","token_type":"bearer","scope":"read:user,repo"}
[debug] [2026-05-16T10:22:21.784Z] >>> [apiv2][query] GET https://api.github.com/user [none]
[debug] [2026-05-16T10:22:22.301Z] <<< [apiv2][status] GET https://api.github.com/user 200
[debug] [2026-05-16T10:22:22.301Z] <<< [apiv2][body] GET https://api.github.com/user {"login":"madicharlapraveen","id":120325113,"node_id":"U_kgDOBywD-Q","avatar_url":"https://avatars.githubusercontent.com/u/120325113?v=4","gravatar_id":"","url":"https://api.github.com/users/madicharlapraveen","html_url":"https://github.com/madicharlapraveen","followers_url":"https://api.github.com/users/madicharlapraveen/followers","following_url":"https://api.github.com/users/madicharlapraveen/following{/other_user}","gists_url":"https://api.github.com/users/madicharlapraveen/gists{/gist_id}","starred_url":"https://api.github.com/users/madicharlapraveen/starred{/owner}{/repo}","subscriptions_url":"https://api.github.com/users/madicharlapraveen/subscriptions","organizations_url":"https://api.github.com/users/madicharlapraveen/orgs","repos_url":"https://api.github.com/users/madicharlapraveen/repos","events_url":"https://api.github.com/users/madicharlapraveen/events{/privacy}","received_events_url":"https://api.github.com/users/madicharlapraveen/received_events","type":"User","user_view_type":"private","site_admin":false,"name":"Praveen Madicharla","company":null,"blog":"","location":null,"email":null,"hireable":null,"bio":null,"twitter_username":null,"notification_email":null,"public_repos":1,"public_gists":0,"followers":0,"following":2,"created_at":"2022-12-11T15:47:34Z","updated_at":"2026-05-16T10:22:16Z","private_gists":0,"total_private_repos":8,"owned_private_repos":8,"disk_usage":4418,"collaborators":0,"two_factor_authentication":false,"plan":{"name":"free","space":976562499,"collaborators":0,"private_repos":10000}}
[info] 
[info] +  Success! Logged into GitHub as madicharlapraveen 
[info] 
[debug] [2026-05-16T10:25:31.202Z] >>> [apiv2][query] GET https://api.github.com/repos/https://github.com/leenenterprises2025-sudo/Trip-Split.git/actions/secrets/public-key type=owner
[debug] [2026-05-16T10:25:31.607Z] <<< [apiv2][status] GET https://api.github.com/repos/https://github.com/leenenterprises2025-sudo/Trip-Split.git/actions/secrets/public-key 404
[debug] [2026-05-16T10:25:31.607Z] <<< [apiv2][body] GET https://api.github.com/repos/https://github.com/leenenterprises2025-sudo/Trip-Split.git/actions/secrets/public-key {"message":"Not Found","documentation_url":"https://docs.github.com/rest","status":"404"}
[info] 
[info] 
[error] !  The provided authorization cannot be used with this repository. If this repository is in an organization, did you remember to grant access? 
[info] 
[info] i  Action required: Visit this URL to ensure access has been granted to the appropriate organization(s) for the Firebase CLI GitHub OAuth App: 
[info] https://github.com/settings/connections/applications/89cf50f02ac6aaed3484
[info] 
[debug] [2026-05-16T10:26:20.385Z] >>> [apiv2][query] GET https://api.github.com/repos/Trip-Split/actions/secrets/public-key type=owner
[debug] [2026-05-16T10:26:20.720Z] <<< [apiv2][status] GET https://api.github.com/repos/Trip-Split/actions/secrets/public-key 404
[debug] [2026-05-16T10:26:20.720Z] <<< [apiv2][body] GET https://api.github.com/repos/Trip-Split/actions/secrets/public-key {"message":"Not Found","documentation_url":"https://docs.github.com/rest","status":"404"}
[info] 
[info] 
[error] !  The provided authorization cannot be used with this repository. If this repository is in an organization, did you remember to grant access? 
[info] 
[info] i  Action required: Visit this URL to ensure access has been granted to the appropriate organization(s) for the Firebase CLI GitHub OAuth App: 
[info] https://github.com/settings/connections/applications/89cf50f02ac6aaed3484
[info] 
[debug] [2026-05-16T10:28:09.330Z] >>> [apiv2][query] GET https://api.github.com/repos/leenenterprises2025-sudo/Trip-Split/actions/secrets/public-key type=owner
[debug] [2026-05-16T10:28:09.833Z] <<< [apiv2][status] GET https://api.github.com/repos/leenenterprises2025-sudo/Trip-Split/actions/secrets/public-key 404
[debug] [2026-05-16T10:28:09.833Z] <<< [apiv2][body] GET https://api.github.com/repos/leenenterprises2025-sudo/Trip-Split/actions/secrets/public-key {"message":"Not Found","documentation_url":"https://docs.github.com/rest/actions/secrets#get-a-repository-public-key","status":"404"}
[info] 
[info] 
[error] !  The provided authorization cannot be used with this repository. If this repository is in an organization, did you remember to grant access? 
[info] 
[info] i  Action required: Visit this URL to ensure access has been granted to the appropriate organization(s) for the Firebase CLI GitHub OAuth App: 
[info] https://github.com/settings/connections/applications/89cf50f02ac6aaed3484
[info] 
[debug] [2026-05-16T10:29:37.682Z] >>> [apiv2][query] GET https://api.github.com/repos/leenenterprises2025-sudo/Trip-Split/actions/secrets/public-key type=owner
[debug] [2026-05-16T10:29:38.163Z] <<< [apiv2][status] GET https://api.github.com/repos/leenenterprises2025-sudo/Trip-Split/actions/secrets/public-key 404
[debug] [2026-05-16T10:29:38.163Z] <<< [apiv2][body] GET https://api.github.com/repos/leenenterprises2025-sudo/Trip-Split/actions/secrets/public-key {"message":"Not Found","documentation_url":"https://docs.github.com/rest/actions/secrets#get-a-repository-public-key","status":"404"}
[info] 
[info] 
[error] !  The provided authorization cannot be used with this repository. If this repository is in an organization, did you remember to grant access? 
[info] 
[info] i  Action required: Visit this URL to ensure access has been granted to the appropriate organization(s) for the Firebase CLI GitHub OAuth App: 
[info] https://github.com/settings/connections/applications/89cf50f02ac6aaed3484
[info] 
[debug] [2026-05-16T10:29:40.346Z] >>> [apiv2][query] GET https://api.github.com/repos/leenenterprises2025-sudo/Trip-Split/actions/secrets/public-key type=owner
[debug] [2026-05-16T10:29:40.654Z] <<< [apiv2][status] GET https://api.github.com/repos/leenenterprises2025-sudo/Trip-Split/actions/secrets/public-key 404
[debug] [2026-05-16T10:29:40.654Z] <<< [apiv2][body] GET https://api.github.com/repos/leenenterprises2025-sudo/Trip-Split/actions/secrets/public-key {"message":"Not Found","documentation_url":"https://docs.github.com/rest/actions/secrets#get-a-repository-public-key","status":"404"}
[info] 
[info] 
[error] !  The provided authorization cannot be used with this repository. If this repository is in an organization, did you remember to grant access? 
[info] 
[info] i  Action required: Visit this URL to ensure access has been granted to the appropriate organization(s) for the Firebase CLI GitHub OAuth App: 
[info] https://github.com/settings/connections/applications/89cf50f02ac6aaed3484
[info] 
[debug] [2026-05-16T10:33:14.419Z] >>> [apiv2][query] GET https://api.github.com/repos/leenenterprises2025-sudo/Trip-Split/actions/secrets/public-key type=owner
[debug] [2026-05-16T10:33:14.860Z] <<< [apiv2][status] GET https://api.github.com/repos/leenenterprises2025-sudo/Trip-Split/actions/secrets/public-key 401
[debug] [2026-05-16T10:33:14.861Z] <<< [apiv2][body] GET https://api.github.com/repos/leenenterprises2025-sudo/Trip-Split/actions/secrets/public-key {"message":"Bad credentials","documentation_url":"https://docs.github.com/rest","status":"401"}
[debug] [2026-05-16T10:34:46.098Z] >>> [apiv2][query] GET https://api.github.com/repos/leenenterprises2025-sudo/Trip-Split/actions/secrets/public-key type=owner
[debug] [2026-05-16T10:34:46.462Z] <<< [apiv2][status] GET https://api.github.com/repos/leenenterprises2025-sudo/Trip-Split/actions/secrets/public-key 401
[debug] [2026-05-16T10:34:46.463Z] <<< [apiv2][body] GET https://api.github.com/repos/leenenterprises2025-sudo/Trip-Split/actions/secrets/public-key {"message":"Bad credentials","documentation_url":"https://docs.github.com/rest","status":"401"}
[debug] [2026-05-16T10:34:46.906Z] >>> [apiv2][query] GET https://api.github.com/repos/leenenterprises2025-sudo/Trip-Split/actions/secrets/public-key type=owner
[debug] [2026-05-16T10:34:47.196Z] <<< [apiv2][status] GET https://api.github.com/repos/leenenterprises2025-sudo/Trip-Split/actions/secrets/public-key 401
[debug] [2026-05-16T10:34:47.196Z] <<< [apiv2][body] GET https://api.github.com/repos/leenenterprises2025-sudo/Trip-Split/actions/secrets/public-key {"message":"Bad credentials","documentation_url":"https://docs.github.com/rest","status":"401"}
[debug] [2026-05-16T10:34:47.250Z] >>> [apiv2][query] GET https://api.github.com/repos/leenenterprises2025-sudo/Trip-Split/actions/secrets/public-key type=owner
[debug] [2026-05-16T10:34:47.564Z] <<< [apiv2][status] GET https://api.github.com/repos/leenenterprises2025-sudo/Trip-Split/actions/secrets/public-key 401
[debug] [2026-05-16T10:34:47.564Z] <<< [apiv2][body] GET https://api.github.com/repos/leenenterprises2025-sudo/Trip-Split/actions/secrets/public-key {"message":"Bad credentials","documentation_url":"https://docs.github.com/rest","status":"401"}
[debug] [2026-05-16T10:35:44.905Z] ExitPromptError: User force closed the prompt with SIGINT
    at Interface.sigint (C:\Users\User\AppData\Roaming\npm\node_modules\firebase-tools\node_modules\@inquirer\core\dist\commonjs\lib\create-prompt.js:101:37)
    at Interface.emit (node:events:508:28)
    at [_ttyWrite] [as _ttyWrite] (node:internal/readline/interface:1327:18)
    at ReadStream.onkeypress (node:internal/readline/interface:284:20)
    at ReadStream.emit (node:events:520:35)
    at emitKeys (node:internal/readline/utils:371:14)
    at emitKeys.next (<anonymous>)
    at ReadStream.onData (node:internal/readline/emitKeypressEvents:64:36)
    at ReadStream.emit (node:events:508:28)
    at addChunk (node:internal/streams/readable:559:12)
[error] 
[error] Error: An unexpected error has occurred.
[debug] [2026-05-16T10:35:55.571Z] ----------------------------------------------------------------------
[debug] [2026-05-16T10:35:55.573Z] Command:       C:\Program Files\nodejs\node.exe C:\Users\User\AppData\Roaming\npm\node_modules\firebase-tools\lib\bin\firebase.js init hosting:github
[debug] [2026-05-16T10:35:55.573Z] CLI Version:   15.7.0
[debug] [2026-05-16T10:35:55.573Z] Platform:      win32
[debug] [2026-05-16T10:35:55.573Z] Node Version:  v24.12.0
[debug] [2026-05-16T10:35:55.573Z] Time:          Sat May 16 2026 16:05:55 GMT+0530 (India Standard Time)
[debug] [2026-05-16T10:35:55.574Z] ----------------------------------------------------------------------
[debug] 
[info] 
     ######## #### ########  ######## ########     ###     ######  ########
     ##        ##  ##     ## ##       ##     ##  ##   ##  ##       ##
     ######    ##  ########  ######   ########  #########  ######  ######
     ##        ##  ##    ##  ##       ##     ## ##     ##       ## ##
     ##       #### ##     ## ######## ########  ##     ##  ######  ########

You're about to initialize a Firebase project in this directory:

  E:\Trip Split

Before we get started, keep in mind:

  * You are initializing within an existing Firebase project directory

[info] 
=== Project Setup
[info] 
[info] First, let's associate this project directory with a Firebase project.
[info] You can create multiple project aliases by running firebase use --add, 
[info] 
[debug] [2026-05-16T10:36:10.480Z] > command requires scopes: ["email","openid","https://www.googleapis.com/auth/cloudplatformprojects.readonly","https://www.googleapis.com/auth/firebase","https://www.googleapis.com/auth/cloud-platform"]
[debug] [2026-05-16T10:36:10.480Z] > authorizing via signed-in user (madicharlapraveen@gmail.com)
[debug] [2026-05-16T10:36:10.481Z] Checked if tokens are valid: true, expires at: 1778930385467
[debug] [2026-05-16T10:36:10.481Z] Checked if tokens are valid: true, expires at: 1778930385467
[debug] [2026-05-16T10:36:10.482Z] >>> [apiv2][query] GET https://firebase.googleapis.com/v1beta1/projects/trip-split-e56d3 [none]
[debug] [2026-05-16T10:36:11.029Z] <<< [apiv2][status] GET https://firebase.googleapis.com/v1beta1/projects/trip-split-e56d3 200
[debug] [2026-05-16T10:36:11.029Z] <<< [apiv2][body] GET https://firebase.googleapis.com/v1beta1/projects/trip-split-e56d3 {"projectId":"trip-split-e56d3","projectNumber":"383562992071","displayName":"Trip Split","name":"projects/trip-split-e56d3","resources":{"hostingSite":"trip-split-e56d3"},"state":"ACTIVE","etag":"1_dcab26a4-efb9-4698-a2a1-b9dede107226"}
[info] i  Using project trip-split-e56d3 (Trip Split) . 
[info] 
=== Hosting:github Setup
[info] 
[info] i  Detected a .git folder at E:\Trip Split 
[info] i  Authorizing with GitHub to upload your service account to a GitHub repository's secrets store. 
[info] 
[info] Visit this URL on this device to log in:
[info] https://github.com/login/oauth/authorize?client_id=89cf50f02ac6aaed3484&state=695854019&redirect_uri=http%3A%2F%2Flocalhost%3A9005&scope=read%3Auser%20repo%20public_repo
[info] 
[info] Waiting for authentication...
[debug] [2026-05-16T10:36:21.550Z] >>> [apiv2][query] POST https://github.com/login/oauth/access_token [none]
[debug] [2026-05-16T10:36:21.550Z] >>> [apiv2][body] POST https://github.com/login/oauth/access_token [stream]
[debug] [2026-05-16T10:36:22.087Z] <<< [apiv2][status] POST https://github.com/login/oauth/access_token 200
[debug] [2026-05-16T10:36:22.087Z] <<< [apiv2][body] POST https://github.com/login/oauth/access_token {"access_token":"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","token_type":"bearer","scope":"read:user,repo"}
[debug] [2026-05-16T10:36:22.098Z] >>> [apiv2][query] GET https://api.github.com/user [none]
[debug] [2026-05-16T10:36:22.617Z] <<< [apiv2][status] GET https://api.github.com/user 200
[debug] [2026-05-16T10:36:22.617Z] <<< [apiv2][body] GET https://api.github.com/user {"login":"madicharlapraveen","id":120325113,"node_id":"U_kgDOBywD-Q","avatar_url":"https://avatars.githubusercontent.com/u/120325113?v=4","gravatar_id":"","url":"https://api.github.com/users/madicharlapraveen","html_url":"https://github.com/madicharlapraveen","followers_url":"https://api.github.com/users/madicharlapraveen/followers","following_url":"https://api.github.com/users/madicharlapraveen/following{/other_user}","gists_url":"https://api.github.com/users/madicharlapraveen/gists{/gist_id}","starred_url":"https://api.github.com/users/madicharlapraveen/starred{/owner}{/repo}","subscriptions_url":"https://api.github.com/users/madicharlapraveen/subscriptions","organizations_url":"https://api.github.com/users/madicharlapraveen/orgs","repos_url":"https://api.github.com/users/madicharlapraveen/repos","events_url":"https://api.github.com/users/madicharlapraveen/events{/privacy}","received_events_url":"https://api.github.com/users/madicharlapraveen/received_events","type":"User","user_view_type":"private","site_admin":false,"name":"Praveen Madicharla","company":null,"blog":"","location":null,"email":null,"hireable":null,"bio":null,"twitter_username":null,"notification_email":null,"public_repos":1,"public_gists":0,"followers":0,"following":2,"created_at":"2022-12-11T15:47:34Z","updated_at":"2026-05-16T10:22:16Z","private_gists":0,"total_private_repos":8,"owned_private_repos":8,"disk_usage":4418,"collaborators":0,"two_factor_authentication":false,"plan":{"name":"free","space":976562499,"collaborators":0,"private_repos":10000}}
[info] 
[info] +  Success! Logged into GitHub as madicharlapraveen 
[info] 
[debug] [2026-05-16T10:37:25.515Z] >>> [apiv2][query] GET https://api.github.com/repos/leenenterprises2025-sudo/trip-split/actions/secrets/public-key type=owner
[debug] [2026-05-16T10:37:25.999Z] <<< [apiv2][status] GET https://api.github.com/repos/leenenterprises2025-sudo/trip-split/actions/secrets/public-key 404
[debug] [2026-05-16T10:37:25.999Z] <<< [apiv2][body] GET https://api.github.com/repos/leenenterprises2025-sudo/trip-split/actions/secrets/public-key {"message":"Not Found","documentation_url":"https://docs.github.com/rest/actions/secrets#get-a-repository-public-key","status":"404"}
[info] 
[info] 
[error] !  The provided authorization cannot be used with this repository. If this repository is in an organization, did you remember to grant access? 
[info] 
[info] i  Action required: Visit this URL to ensure access has been granted to the appropriate organization(s) for the Firebase CLI GitHub OAuth App: 
[info] https://github.com/settings/connections/applications/89cf50f02ac6aaed3484
[info] 
[debug] [2026-05-16T10:38:28.610Z] >>> [apiv2][query] GET https://api.github.com/repos/leenenterprises2025-sudo/trip-split/actions/secrets/public-key type=owner
[debug] [2026-05-16T10:38:29.060Z] <<< [apiv2][status] GET https://api.github.com/repos/leenenterprises2025-sudo/trip-split/actions/secrets/public-key 401
[debug] [2026-05-16T10:38:29.061Z] <<< [apiv2][body] GET https://api.github.com/repos/leenenterprises2025-sudo/trip-split/actions/secrets/public-key {"message":"Bad credentials","documentation_url":"https://docs.github.com/rest","status":"401"}
[debug] [2026-05-16T10:38:37.506Z] >>> [apiv2][query] GET https://api.github.com/repos/leenenterprises2025-sudo/trip-split/actions/secrets/public-key type=owner
[debug] [2026-05-16T10:38:37.852Z] <<< [apiv2][status] GET https://api.github.com/repos/leenenterprises2025-sudo/trip-split/actions/secrets/public-key 401
[debug] [2026-05-16T10:38:37.852Z] <<< [apiv2][body] GET https://api.github.com/repos/leenenterprises2025-sudo/trip-split/actions/secrets/public-key {"message":"Bad credentials","documentation_url":"https://docs.github.com/rest","status":"401"}
